# Cross-unit final gate — merged main (4 units), 2026-09-13
# moon: moon 0.1.20260904 (94521db 2026-09-04)

===== 1 workspace build (native) =====
watch_inotify.c
utf.c
watch_kqueue.c
stub.c
epoll.c
runtime.c
io_unix.c
kqueue.c
dir.c
stub.c
stub.c
env.c
watch_windows.c
sync_io.c
fs.c
F:\moonbit比赛\moon_ua_parser\.mooncakes\moonbitlang\async\src\internal\event_loop\fs.c(32): warning C4005: “EINVAL”: 宏重定义
C:\Program Files (x86)\Windows Kits\10\include\10.0.26100.0\ucrt\errno.h(78): note: 参见“EINVAL”的前一个定义
event_bus.c
iocp.c
openssl.c
stub.c
process.c
io_windows.c
backtrace.c
thread_pool.c
stdio.c
stub.c
stub.c
signal.c
stub.c
schannel.c
socket.c
middleware.c
  正在创建库 F:\moonbit比赛\moon_ua_parser\_build\native\debug\build\vicoproplus\moon_ua_parser\examples\middleware\middleware.lib 和对象 F:\moonbit比赛\moon_ua_parser\_build\native\debug\build\vicoproplus\moon_ua_parser\examples\middleware\middleware.exp
ua_echo.c
  正在创建库 F:\moonbit比赛\moon_ua_parser\_build\native\debug\build\vicoproplus\moon_ua_parser_crescent\examples\ua_echo\ua_echo.lib 和对象 F:\moonbit比赛\moon_ua_parser\_build\native\debug\build\vicoproplus\moon_ua_parser_crescent\examples\ua_echo\ua_echo.exp
ua_echo.c
  正在创建库 F:\moonbit比赛\moon_ua_parser\_build\native\debug\build\vicoproplus\moon_ua_parser_mars\examples\ua_echo\ua_echo.lib 和对象 F:\moonbit比赛\moon_ua_parser\_build\native\debug\build\vicoproplus\moon_ua_parser_mars\examples\ua_echo\ua_echo.exp
bench.c
  正在创建库 F:\moonbit比赛\moon_ua_parser\_build\native\debug\build\vicoproplus\moon_ua_parser\tests\bench\bench.lib 和对象 F:\moonbit比赛\moon_ua_parser\_build\native\debug\build\vicoproplus\moon_ua_parser\tests\bench\bench.exp
diffstats.c
  正在创建库 F:\moonbit比赛\moon_ua_parser\_build\native\debug\build\vicoproplus\moon_ua_parser\tests\diffstats\diffstats.lib 和对象 F:\moonbit比赛\moon_ua_parser\_build\native\debug\build\vicoproplus\moon_ua_parser\tests\diffstats\diffstats.exp
Warning: [0020]
    ╭─[ F:\moonbit比赛\moon_ua_parser\moon_ua_parser_lib\src\ua_parser\types.mbt:19:17 ]
    │
 19 │   patch_minor : String?
    │                 ───┬───  
    │                    ╰───── Warning (deprecated): Use Debug instead of Show for debugging purposes. See https://github.com/moonbitlang/core/blob/main/debug/README.mbt.md
────╯
Warning: [0020]
    ╭─[ F:\moonbit比赛\moon_ua_parser\moon_ua_parser_lib\src\ua_parser\types.mbt:25:16 ]
    │
 25 │   rule_index : Int?
    │                ──┬─  
    │                  ╰─── Warning (deprecated): Use Debug instead of Show for debugging purposes. See https://github.com/moonbitlang/core/blob/main/debug/README.mbt.md
────╯
Warning: [0027]
    ╭─[ F:\moonbit比赛\moon_ua_parser\moon_ua_parser_lib\src\ua_parser\types.mbt:26:14 ]
    │
 26 │ } derive(Eq, Show)
    │              ──┬─  
    │                ╰─── Warning (deprecated_syntax): `derive(Show)` is deprecated. Use `derive(Debug)` or manually implement the `Show` trait instead.
────╯
Warning: [0020]
    ╭─[ F:\moonbit比赛\moon_ua_parser\moon_ua_parser_lib\src\ua_parser\types.mbt:46:17 ]
    │
 46 │   patch_minor : String?
    │                 ───┬───  
    │                    ╰───── Warning (deprecated): Use Debug instead of Show for debugging purposes. See https://github.com/moonbitlang/core/blob/main/debug/README.mbt.md
────╯
Warning: [0020]
    ╭─[ F:\moonbit比赛\moon_ua_parser\moon_ua_parser_lib\src\ua_parser\types.mbt:52:16 ]
    │
 52 │   rule_index : Int?
    │                ──┬─  
    │                  ╰─── Warning (deprecated): Use Debug instead of Show for debugging purposes. See https://github.com/moonbitlang/core/blob/main/debug/README.mbt.md
────╯
Warning: [0027]
    ╭─[ F:\moonbit比赛\moon_ua_parser\moon_ua_parser_lib\src\ua_parser\types.mbt:53:14 ]
    │
 53 │ } derive(Eq, Show)
    │              ──┬─  
    │                ╰─── Warning (deprecated_syntax): `derive(Show)` is deprecated. Use `derive(Debug)` or manually implement the `Show` trait instead.
────╯
Warning: [0020]
    ╭─[ F:\moonbit比赛\moon_ua_parser\moon_ua_parser_lib\src\ua_parser\types.mbt:67:11 ]
    │
 67 │   model : String?
    │           ───┬───  
    │              ╰───── Warning (deprecated): Use Debug instead of Show for debugging purposes. See https://github.com/moonbitlang/core/blob/main/debug/README.mbt.md
────╯
Warning: [0020]
    ╭─[ F:\moonbit比赛\moon_ua_parser\moon_ua_parser_lib\src\ua_parser\types.mbt:73:16 ]
    │
 73 │   rule_index : Int?
    │                ──┬─  
    │                  ╰─── Warning (deprecated): Use Debug instead of Show for debugging purposes. See https://github.com/moonbitlang/core/blob/main/debug/README.mbt.md
────╯
Warning: [0027]
    ╭─[ F:\moonbit比赛\moon_ua_parser\moon_ua_parser_lib\src\ua_parser\types.mbt:74:14 ]
    │
 74 │ } derive(Eq, Show)
    │              ──┬─  
    │                ╰─── Warning (deprecated_syntax): `derive(Show)` is deprecated. Use `derive(Debug)` or manually implement the `Show` trait instead.
────╯
Warning: [0027]
    ╭─[ F:\moonbit比赛\moon_ua_parser\moon_ua_parser_lib\src\ua_parser\types.mbt:89:14 ]
    │
 89 │ } derive(Eq, Show)
    │              ──┬─  
    │                ╰─── Warning (deprecated_syntax): `derive(Show)` is deprecated. Use `derive(Debug)` or manually implement the `Show` trait instead.
────╯
Warning: [0006]
    ╭─[ F:\moonbit比赛\moon_ua_parser\moon_ua_parser_lib\src\ua_parser\types.mbt:99:3 ]
    │
 99 │   RegexpCompileError(String)
    │   ─────────┬────────  
    │            ╰────────── Warning (unused_constructor): Variant 'RegexpCompileError' is never constructed
────╯
Warning: [0027]
     ╭─[ F:\moonbit比赛\moon_ua_parser\moon_ua_parser_lib\src\ua_parser\types.mbt:100:14 ]
     │
 100 │ } derive(Eq, Show)
     │              ──┬─  
     │                ╰─── Warning (deprecated_syntax): `derive(Show)` is deprecated. Use `derive(Debug)` or manually implement the `Show` trait instead.
─────╯
Warning: [0020]
    ╭─[ F:\moonbit比赛\moon_ua_parser\moon_ua_parser_lib\tests\differential\diff_device.mbt:26:11 ]
    │
 26 │   model : String?
    │           ───┬───  
    │              ╰───── Warning (deprecated): Use Debug instead of Show for debugging purposes. See https://github.com/moonbitlang/core/blob/main/debug/README.mbt.md
────╯
Warning: [0027]
    ╭─[ F:\moonbit比赛\moon_ua_parser\moon_ua_parser_lib\tests\differential\diff_device.mbt:27:14 ]
    │
 27 │ } derive(Eq, Show)
    │              ──┬─  
    │                ╰─── Warning (deprecated_syntax): `derive(Show)` is deprecated. Use `derive(Debug)` or manually implement the `Show` trait instead.
────╯
Warning: [0020]
    ╭─[ F:\moonbit比赛\moon_ua_parser\moon_ua_parser_lib\tests\differential\diff_os.mbt:28:17 ]
    │
 28 │   patch_minor : String?
    │                 ───┬───  
    │                    ╰───── Warning (deprecated): Use Debug instead of Show for debugging purposes. See https://github.com/moonbitlang/core/blob/main/debug/README.mbt.md
────╯
Warning: [0027]
    ╭─[ F:\moonbit比赛\moon_ua_parser\moon_ua_parser_lib\tests\differential\diff_os.mbt:29:14 ]
    │
 29 │ } derive(Eq, Show)
    │              ──┬─  
    │                ╰─── Warning (deprecated_syntax): `derive(Show)` is deprecated. Use `derive(Debug)` or manually implement the `Show` trait instead.
────╯
Warning: [0020]
    ╭─[ F:\moonbit比赛\moon_ua_parser\moon_ua_parser_lib\tests\differential\diff_ua.mbt:32:17 ]
    │
 32 │   patch_minor : String?
    │                 ───┬───  
    │                    ╰───── Warning (deprecated): Use Debug instead of Show for debugging purposes. See https://github.com/moonbitlang/core/blob/main/debug/README.mbt.md
────╯
Warning: [0027]
    ╭─[ F:\moonbit比赛\moon_ua_parser\moon_ua_parser_lib\tests\differential\diff_ua.mbt:33:14 ]
    │
 33 │ } derive(Eq, Show)
    │              ──┬─  
    │                ╰─── Warning (deprecated_syntax): `derive(Show)` is deprecated. Use `derive(Debug)` or manually implement the `Show` trait instead.
────╯
Finished. moon: ran 108 tasks, now up to date (18 warnings, 0 errors)
[exit 0] build native

===== 2 workspace check (native) + warning counts =====
Warning: [0020]
    ╭─[ F:\moonbit比赛\moon_ua_parser\moon_ua_parser_lib\src\ua_parser\types.mbt:19:17 ]
    │
 19 │   patch_minor : String?
    │                 ───┬───  
    │                    ╰───── Warning (deprecated): Use Debug instead of Show for debugging purposes. See https://github.com/moonbitlang/core/blob/main/debug/README.mbt.md
────╯
Warning: [0020]
    ╭─[ F:\moonbit比赛\moon_ua_parser\moon_ua_parser_lib\src\ua_parser\types.mbt:25:16 ]
    │
 25 │   rule_index : Int?
    │                ──┬─  
    │                  ╰─── Warning (deprecated): Use Debug instead of Show for debugging purposes. See https://github.com/moonbitlang/core/blob/main/debug/README.mbt.md
────╯
Warning: [0027]
    ╭─[ F:\moonbit比赛\moon_ua_parser\moon_ua_parser_lib\src\ua_parser\types.mbt:26:14 ]
    │
 26 │ } derive(Eq, Show)
    │              ──┬─  
    │                ╰─── Warning (deprecated_syntax): `derive(Show)` is deprecated. Use `derive(Debug)` or manually implement the `Show` trait instead.
────╯
Warning: [0020]
    ╭─[ F:\moonbit比赛\moon_ua_parser\moon_ua_parser_lib\src\ua_parser\types.mbt:46:17 ]
    │
 46 │   patch_minor : String?
    │                 ───┬───  
    │                    ╰───── Warning (deprecated): Use Debug instead of Show for debugging purposes. See https://github.com/moonbitlang/core/blob/main/debug/README.mbt.md
────╯
Warning: [0020]
    ╭─[ F:\moonbit比赛\moon_ua_parser\moon_ua_parser_lib\src\ua_parser\types.mbt:52:16 ]
    │
 52 │   rule_index : Int?
    │                ──┬─  
    │                  ╰─── Warning (deprecated): Use Debug instead of Show for debugging purposes. See https://github.com/moonbitlang/core/blob/main/debug/README.mbt.md
────╯
Warning: [0027]
    ╭─[ F:\moonbit比赛\moon_ua_parser\moon_ua_parser_lib\src\ua_parser\types.mbt:53:14 ]
    │
 53 │ } derive(Eq, Show)
    │              ──┬─  
    │                ╰─── Warning (deprecated_syntax): `derive(Show)` is deprecated. Use `derive(Debug)` or manually implement the `Show` trait instead.
────╯
Warning: [0020]
    ╭─[ F:\moonbit比赛\moon_ua_parser\moon_ua_parser_lib\src\ua_parser\types.mbt:67:11 ]
    │
 67 │   model : String?
    │           ───┬───  
    │              ╰───── Warning (deprecated): Use Debug instead of Show for debugging purposes. See https://github.com/moonbitlang/core/blob/main/debug/README.mbt.md
────╯
Warning: [0020]
    ╭─[ F:\moonbit比赛\moon_ua_parser\moon_ua_parser_lib\src\ua_parser\types.mbt:73:16 ]
    │
 73 │   rule_index : Int?
    │                ──┬─  
    │                  ╰─── Warning (deprecated): Use Debug instead of Show for debugging purposes. See https://github.com/moonbitlang/core/blob/main/debug/README.mbt.md
────╯
Warning: [0027]
    ╭─[ F:\moonbit比赛\moon_ua_parser\moon_ua_parser_lib\src\ua_parser\types.mbt:74:14 ]
    │
 74 │ } derive(Eq, Show)
    │              ──┬─  
    │                ╰─── Warning (deprecated_syntax): `derive(Show)` is deprecated. Use `derive(Debug)` or manually implement the `Show` trait instead.
────╯
Warning: [0027]
    ╭─[ F:\moonbit比赛\moon_ua_parser\moon_ua_parser_lib\src\ua_parser\types.mbt:89:14 ]
    │
 89 │ } derive(Eq, Show)
    │              ──┬─  
    │                ╰─── Warning (deprecated_syntax): `derive(Show)` is deprecated. Use `derive(Debug)` or manually implement the `Show` trait instead.
────╯
Warning: [0006]
    ╭─[ F:\moonbit比赛\moon_ua_parser\moon_ua_parser_lib\src\ua_parser\types.mbt:99:3 ]
    │
 99 │   RegexpCompileError(String)
    │   ─────────┬────────  
    │            ╰────────── Warning (unused_constructor): Variant 'RegexpCompileError' is never constructed
────╯
Warning: [0027]
     ╭─[ F:\moonbit比赛\moon_ua_parser\moon_ua_parser_lib\src\ua_parser\types.mbt:100:14 ]
     │
 100 │ } derive(Eq, Show)
     │              ──┬─  
     │                ╰─── Warning (deprecated_syntax): `derive(Show)` is deprecated. Use `derive(Debug)` or manually implement the `Show` trait instead.
─────╯
Warning: [0020]
    ╭─[ F:\moonbit比赛\moon_ua_parser\moon_ua_parser_lib\tests\differential\diff_device.mbt:26:11 ]
    │
 26 │   model : String?
    │           ───┬───  
    │              ╰───── Warning (deprecated): Use Debug instead of Show for debugging purposes. See https://github.com/moonbitlang/core/blob/main/debug/README.mbt.md
────╯
Warning: [0027]
    ╭─[ F:\moonbit比赛\moon_ua_parser\moon_ua_parser_lib\tests\differential\diff_device.mbt:27:14 ]
    │
 27 │ } derive(Eq, Show)
    │              ──┬─  
    │                ╰─── Warning (deprecated_syntax): `derive(Show)` is deprecated. Use `derive(Debug)` or manually implement the `Show` trait instead.
────╯
Warning: [0020]
    ╭─[ F:\moonbit比赛\moon_ua_parser\moon_ua_parser_lib\tests\differential\diff_os.mbt:28:17 ]
    │
 28 │   patch_minor : String?
    │                 ───┬───  
    │                    ╰───── Warning (deprecated): Use Debug instead of Show for debugging purposes. See https://github.com/moonbitlang/core/blob/main/debug/README.mbt.md
────╯
Warning: [0027]
    ╭─[ F:\moonbit比赛\moon_ua_parser\moon_ua_parser_lib\tests\differential\diff_os.mbt:29:14 ]
    │
 29 │ } derive(Eq, Show)
    │              ──┬─  
    │                ╰─── Warning (deprecated_syntax): `derive(Show)` is deprecated. Use `derive(Debug)` or manually implement the `Show` trait instead.
────╯
Warning: [0020]
    ╭─[ F:\moonbit比赛\moon_ua_parser\moon_ua_parser_lib\tests\differential\diff_ua.mbt:32:17 ]
    │
 32 │   patch_minor : String?
    │                 ───┬───  
    │                    ╰───── Warning (deprecated): Use Debug instead of Show for debugging purposes. See https://github.com/moonbitlang/core/blob/main/debug/README.mbt.md
────╯
Warning: [0027]
    ╭─[ F:\moonbit比赛\moon_ua_parser\moon_ua_parser_lib\tests\differential\diff_ua.mbt:33:14 ]
    │
 33 │ } derive(Eq, Show)
    │              ──┬─  
    │                ╰─── Warning (deprecated_syntax): `derive(Show)` is deprecated. Use `derive(Debug)` or manually implement the `Show` trait instead.
────╯
Finished. moon: ran 2 tasks, now up to date (18 warnings, 0 errors)
warning-gate: total=18 (baseline 18) dep_outside_lib=0 (must be 0) check_rc=0

===== 3 full native test suite (lib 31 + helper 10 + crescent 7 + mars 6 + bench + rules suites) =====
ua_parser.blackbox_test.c
  正在创建库 F:\moonbit比赛\moon_ua_parser\_build\native\debug\test\vicoproplus\moon_ua_parser\src\ua_parser\ua_parser.blackbox_test.lib 和对象 F:\moonbit比赛\moon_ua_parser\_build\native\debug\test\vicoproplus\moon_ua_parser\src\ua_parser\ua_parser.blackbox_test.exp
moon_ua_parser.blackbox_test.c
  正在创建库 F:\moonbit比赛\moon_ua_parser\_build\native\debug\test\vicoproplus\moon_ua_parser\moon_ua_parser.blackbox_test.lib 和对象 F:\moonbit比赛\moon_ua_parser\_build\native\debug\test\vicoproplus\moon_ua_parser\moon_ua_parser.blackbox_test.exp
moon_ua_parser.internal_test.c
  正在创建库 F:\moonbit比赛\moon_ua_parser\_build\native\debug\test\vicoproplus\moon_ua_parser\moon_ua_parser.internal_test.lib 和对象 F:\moonbit比赛\moon_ua_parser\_build\native\debug\test\vicoproplus\moon_ua_parser\moon_ua_parser.internal_test.exp
middleware.internal_test.c
  正在创建库 F:\moonbit比赛\moon_ua_parser\_build\native\debug\test\vicoproplus\moon_ua_parser\examples\middleware\middleware.internal_test.lib 和对象 F:\moonbit比赛\moon_ua_parser\_build\native\debug\test\vicoproplus\moon_ua_parser\examples\middleware\middleware.internal_test.exp
ua_parser.internal_test.c
  正在创建库 F:\moonbit比赛\moon_ua_parser\_build\native\debug\test\vicoproplus\moon_ua_parser\src\ua_parser\ua_parser.internal_test.lib 和对象 F:\moonbit比赛\moon_ua_parser\_build\native\debug\test\vicoproplus\moon_ua_parser\src\ua_parser\ua_parser.internal_test.exp
rules.internal_test.c
  正在创建库 F:\moonbit比赛\moon_ua_parser\_build\native\debug\test\vicoproplus\moon_ua_parser\src\ua_parser\rules\rules.internal_test.lib 和对象 F:\moonbit比赛\moon_ua_parser\_build\native\debug\test\vicoproplus\moon_ua_parser\src\ua_parser\rules\rules.internal_test.exp
robust.blackbox_test.c
  正在创建库 F:\moonbit比赛\moon_ua_parser\_build\native\debug\test\vicoproplus\moon_ua_parser\tests\robust\robust.blackbox_test.lib 和对象 F:\moonbit比赛\moon_ua_parser\_build\native\debug\test\vicoproplus\moon_ua_parser\tests\robust\robust.blackbox_test.exp
bench.internal_test.c
  正在创建库 F:\moonbit比赛\moon_ua_parser\_build\native\debug\test\vicoproplus\moon_ua_parser\tests\bench\bench.internal_test.lib 和对象 F:\moonbit比赛\moon_ua_parser\_build\native\debug\test\vicoproplus\moon_ua_parser\tests\bench\bench.internal_test.exp
semantics.blackbox_test.c
  正在创建库 F:\moonbit比赛\moon_ua_parser\_build\native\debug\test\vicoproplus\moon_ua_parser\tests\semantics\semantics.blackbox_test.lib 和对象 F:\moonbit比赛\moon_ua_parser\_build\native\debug\test\vicoproplus\moon_ua_parser\tests\semantics\semantics.blackbox_test.exp
diffstats.internal_test.c
  正在创建库 F:\moonbit比赛\moon_ua_parser\_build\native\debug\test\vicoproplus\moon_ua_parser\tests\diffstats\diffstats.internal_test.lib 和对象 F:\moonbit比赛\moon_ua_parser\_build\native\debug\test\vicoproplus\moon_ua_parser\tests\diffstats\diffstats.internal_test.exp
differential.blackbox_test.c
  正在创建库 F:\moonbit比赛\moon_ua_parser\_build\native\debug\test\vicoproplus\moon_ua_parser\tests\differential\differential.blackbox_test.lib 和对象 F:\moonbit比赛\moon_ua_parser\_build\native\debug\test\vicoproplus\moon_ua_parser\tests\differential\differential.blackbox_test.exp
rules.blackbox_test.c
  正在创建库 F:\moonbit比赛\moon_ua_parser\_build\native\debug\test\vicoproplus\moon_ua_parser\src\ua_parser\rules\rules.blackbox_test.lib 和对象 F:\moonbit比赛\moon_ua_parser\_build\native\debug\test\vicoproplus\moon_ua_parser\src\ua_parser\rules\rules.blackbox_test.exp
robust.internal_test.c
  正在创建库 F:\moonbit比赛\moon_ua_parser\_build\native\debug\test\vicoproplus\moon_ua_parser\tests\robust\robust.internal_test.lib 和对象 F:\moonbit比赛\moon_ua_parser\_build\native\debug\test\vicoproplus\moon_ua_parser\tests\robust\robust.internal_test.exp
middleware.blackbox_test.c
  正在创建库 F:\moonbit比赛\moon_ua_parser\_build\native\debug\test\vicoproplus\moon_ua_parser\examples\middleware\middleware.blackbox_test.lib 和对象 F:\moonbit比赛\moon_ua_parser\_build\native\debug\test\vicoproplus\moon_ua_parser\examples\middleware\middleware.blackbox_test.exp
semantics.internal_test.c
  正在创建库 F:\moonbit比赛\moon_ua_parser\_build\native\debug\test\vicoproplus\moon_ua_parser\tests\semantics\semantics.internal_test.lib 和对象 F:\moonbit比赛\moon_ua_parser\_build\native\debug\test\vicoproplus\moon_ua_parser\tests\semantics\semantics.internal_test.exp
bench.blackbox_test.c
  正在创建库 F:\moonbit比赛\moon_ua_parser\_build\native\debug\test\vicoproplus\moon_ua_parser\tests\bench\bench.blackbox_test.lib 和对象 F:\moonbit比赛\moon_ua_parser\_build\native\debug\test\vicoproplus\moon_ua_parser\tests\bench\bench.blackbox_test.exp
diffstats.blackbox_test.c
  正在创建库 F:\moonbit比赛\moon_ua_parser\_build\native\debug\test\vicoproplus\moon_ua_parser\tests\diffstats\diffstats.blackbox_test.lib 和对象 F:\moonbit比赛\moon_ua_parser\_build\native\debug\test\vicoproplus\moon_ua_parser\tests\diffstats\diffstats.blackbox_test.exp
differential.internal_test.c
  正在创建库 F:\moonbit比赛\moon_ua_parser\_build\native\debug\test\vicoproplus\moon_ua_parser\tests\differential\differential.internal_test.lib 和对象 F:\moonbit比赛\moon_ua_parser\_build\native\debug\test\vicoproplus\moon_ua_parser\tests\differential\differential.internal_test.exp
Warning: [0020]
    ╭─[ F:\moonbit比赛\moon_ua_parser\moon_ua_parser_lib\src\ua_parser\types.mbt:19:17 ]
    │
 19 │   patch_minor : String?
    │                 ───┬───  
    │                    ╰───── Warning (deprecated): Use Debug instead of Show for debugging purposes. See https://github.com/moonbitlang/core/blob/main/debug/README.mbt.md
────╯
Warning: [0020]
    ╭─[ F:\moonbit比赛\moon_ua_parser\moon_ua_parser_lib\src\ua_parser\types.mbt:25:16 ]
    │
 25 │   rule_index : Int?
    │                ──┬─  
    │                  ╰─── Warning (deprecated): Use Debug instead of Show for debugging purposes. See https://github.com/moonbitlang/core/blob/main/debug/README.mbt.md
────╯
Warning: [0027]
    ╭─[ F:\moonbit比赛\moon_ua_parser\moon_ua_parser_lib\src\ua_parser\types.mbt:26:14 ]
    │
 26 │ } derive(Eq, Show)
    │              ──┬─  
    │                ╰─── Warning (deprecated_syntax): `derive(Show)` is deprecated. Use `derive(Debug)` or manually implement the `Show` trait instead.
────╯
Warning: [0020]
    ╭─[ F:\moonbit比赛\moon_ua_parser\moon_ua_parser_lib\src\ua_parser\types.mbt:46:17 ]
    │
 46 │   patch_minor : String?
    │                 ───┬───  
    │                    ╰───── Warning (deprecated): Use Debug instead of Show for debugging purposes. See https://github.com/moonbitlang/core/blob/main/debug/README.mbt.md
────╯
Warning: [0020]
    ╭─[ F:\moonbit比赛\moon_ua_parser\moon_ua_parser_lib\src\ua_parser\types.mbt:52:16 ]
    │
 52 │   rule_index : Int?
    │                ──┬─  
    │                  ╰─── Warning (deprecated): Use Debug instead of Show for debugging purposes. See https://github.com/moonbitlang/core/blob/main/debug/README.mbt.md
────╯
Warning: [0027]
    ╭─[ F:\moonbit比赛\moon_ua_parser\moon_ua_parser_lib\src\ua_parser\types.mbt:53:14 ]
    │
 53 │ } derive(Eq, Show)
    │              ──┬─  
    │                ╰─── Warning (deprecated_syntax): `derive(Show)` is deprecated. Use `derive(Debug)` or manually implement the `Show` trait instead.
────╯
Warning: [0020]
    ╭─[ F:\moonbit比赛\moon_ua_parser\moon_ua_parser_lib\src\ua_parser\types.mbt:67:11 ]
    │
 67 │   model : String?
    │           ───┬───  
    │              ╰───── Warning (deprecated): Use Debug instead of Show for debugging purposes. See https://github.com/moonbitlang/core/blob/main/debug/README.mbt.md
────╯
Warning: [0020]
    ╭─[ F:\moonbit比赛\moon_ua_parser\moon_ua_parser_lib\src\ua_parser\types.mbt:73:16 ]
    │
 73 │   rule_index : Int?
    │                ──┬─  
    │                  ╰─── Warning (deprecated): Use Debug instead of Show for debugging purposes. See https://github.com/moonbitlang/core/blob/main/debug/README.mbt.md
────╯
Warning: [0027]
    ╭─[ F:\moonbit比赛\moon_ua_parser\moon_ua_parser_lib\src\ua_parser\types.mbt:74:14 ]
    │
 74 │ } derive(Eq, Show)
    │              ──┬─  
    │                ╰─── Warning (deprecated_syntax): `derive(Show)` is deprecated. Use `derive(Debug)` or manually implement the `Show` trait instead.
────╯
Warning: [0027]
    ╭─[ F:\moonbit比赛\moon_ua_parser\moon_ua_parser_lib\src\ua_parser\types.mbt:89:14 ]
    │
 89 │ } derive(Eq, Show)
    │              ──┬─  
    │                ╰─── Warning (deprecated_syntax): `derive(Show)` is deprecated. Use `derive(Debug)` or manually implement the `Show` trait instead.
────╯
Warning: [0006]
    ╭─[ F:\moonbit比赛\moon_ua_parser\moon_ua_parser_lib\src\ua_parser\types.mbt:99:3 ]
    │
 99 │   RegexpCompileError(String)
    │   ─────────┬────────  
    │            ╰────────── Warning (unused_constructor): Variant 'RegexpCompileError' is never constructed
────╯
Warning: [0027]
     ╭─[ F:\moonbit比赛\moon_ua_parser\moon_ua_parser_lib\src\ua_parser\types.mbt:100:14 ]
     │
 100 │ } derive(Eq, Show)
     │              ──┬─  
     │                ╰─── Warning (deprecated_syntax): `derive(Show)` is deprecated. Use `derive(Debug)` or manually implement the `Show` trait instead.
─────╯
Warning: [0020]
    ╭─[ F:\moonbit比赛\moon_ua_parser\moon_ua_parser_lib\tests\differential\diff_device.mbt:26:11 ]
    │
 26 │   model : String?
    │           ───┬───  
    │              ╰───── Warning (deprecated): Use Debug instead of Show for debugging purposes. See https://github.com/moonbitlang/core/blob/main/debug/README.mbt.md
────╯
Warning: [0027]
    ╭─[ F:\moonbit比赛\moon_ua_parser\moon_ua_parser_lib\tests\differential\diff_device.mbt:27:14 ]
    │
 27 │ } derive(Eq, Show)
    │              ──┬─  
    │                ╰─── Warning (deprecated_syntax): `derive(Show)` is deprecated. Use `derive(Debug)` or manually implement the `Show` trait instead.
────╯
Warning: [0020]
    ╭─[ F:\moonbit比赛\moon_ua_parser\moon_ua_parser_lib\tests\differential\diff_os.mbt:28:17 ]
    │
 28 │   patch_minor : String?
    │                 ───┬───  
    │                    ╰───── Warning (deprecated): Use Debug instead of Show for debugging purposes. See https://github.com/moonbitlang/core/blob/main/debug/README.mbt.md
────╯
Warning: [0027]
    ╭─[ F:\moonbit比赛\moon_ua_parser\moon_ua_parser_lib\tests\differential\diff_os.mbt:29:14 ]
    │
 29 │ } derive(Eq, Show)
    │              ──┬─  
    │                ╰─── Warning (deprecated_syntax): `derive(Show)` is deprecated. Use `derive(Debug)` or manually implement the `Show` trait instead.
────╯
Warning: [0020]
    ╭─[ F:\moonbit比赛\moon_ua_parser\moon_ua_parser_lib\tests\differential\diff_ua.mbt:32:17 ]
    │
 32 │   patch_minor : String?
    │                 ───┬───  
    │                    ╰───── Warning (deprecated): Use Debug instead of Show for debugging purposes. See https://github.com/moonbitlang/core/blob/main/debug/README.mbt.md
────╯
Warning: [0027]
    ╭─[ F:\moonbit比赛\moon_ua_parser\moon_ua_parser_lib\tests\differential\diff_ua.mbt:33:14 ]
    │
 33 │ } derive(Eq, Show)
    │              ──┬─  
    │                ╰─── Warning (deprecated_syntax): `derive(Show)` is deprecated. Use `derive(Debug)` or manually implement the `Show` trait instead.
────╯
--> Get /probe
Total tests: 54, passed: 54, failed: 0.
[exit 0] full native tests

===== 4 js tests (lib packages) =====
--- js -p vicoproplus/moon_ua_parser/src/ua_parser ---
Warning: [0020]
    ╭─[ F:\moonbit比赛\moon_ua_parser\moon_ua_parser_lib\src\ua_parser\types.mbt:19:17 ]
    │
 19 │   patch_minor : String?
    │                 ───┬───  
    │                    ╰───── Warning (deprecated): Use Debug instead of Show for debugging purposes. See https://github.com/moonbitlang/core/blob/main/debug/README.mbt.md
────╯
Warning: [0020]
    ╭─[ F:\moonbit比赛\moon_ua_parser\moon_ua_parser_lib\src\ua_parser\types.mbt:25:16 ]
    │
 25 │   rule_index : Int?
    │                ──┬─  
    │                  ╰─── Warning (deprecated): Use Debug instead of Show for debugging purposes. See https://github.com/moonbitlang/core/blob/main/debug/README.mbt.md
────╯
Warning: [0027]
    ╭─[ F:\moonbit比赛\moon_ua_parser\moon_ua_parser_lib\src\ua_parser\types.mbt:26:14 ]
    │
 26 │ } derive(Eq, Show)
    │              ──┬─  
    │                ╰─── Warning (deprecated_syntax): `derive(Show)` is deprecated. Use `derive(Debug)` or manually implement the `Show` trait instead.
────╯
Warning: [0020]
    ╭─[ F:\moonbit比赛\moon_ua_parser\moon_ua_parser_lib\src\ua_parser\types.mbt:46:17 ]
    │
 46 │   patch_minor : String?
    │                 ───┬───  
    │                    ╰───── Warning (deprecated): Use Debug instead of Show for debugging purposes. See https://github.com/moonbitlang/core/blob/main/debug/README.mbt.md
────╯
Warning: [0020]
    ╭─[ F:\moonbit比赛\moon_ua_parser\moon_ua_parser_lib\src\ua_parser\types.mbt:52:16 ]
    │
 52 │   rule_index : Int?
    │                ──┬─  
    │                  ╰─── Warning (deprecated): Use Debug instead of Show for debugging purposes. See https://github.com/moonbitlang/core/blob/main/debug/README.mbt.md
────╯
Warning: [0027]
    ╭─[ F:\moonbit比赛\moon_ua_parser\moon_ua_parser_lib\src\ua_parser\types.mbt:53:14 ]
    │
 53 │ } derive(Eq, Show)
    │              ──┬─  
    │                ╰─── Warning (deprecated_syntax): `derive(Show)` is deprecated. Use `derive(Debug)` or manually implement the `Show` trait instead.
────╯
Warning: [0020]
    ╭─[ F:\moonbit比赛\moon_ua_parser\moon_ua_parser_lib\src\ua_parser\types.mbt:67:11 ]
    │
 67 │   model : String?
    │           ───┬───  
    │              ╰───── Warning (deprecated): Use Debug instead of Show for debugging purposes. See https://github.com/moonbitlang/core/blob/main/debug/README.mbt.md
────╯
Warning: [0020]
    ╭─[ F:\moonbit比赛\moon_ua_parser\moon_ua_parser_lib\src\ua_parser\types.mbt:73:16 ]
    │
 73 │   rule_index : Int?
    │                ──┬─  
    │                  ╰─── Warning (deprecated): Use Debug instead of Show for debugging purposes. See https://github.com/moonbitlang/core/blob/main/debug/README.mbt.md
────╯
Warning: [0027]
    ╭─[ F:\moonbit比赛\moon_ua_parser\moon_ua_parser_lib\src\ua_parser\types.mbt:74:14 ]
    │
 74 │ } derive(Eq, Show)
    │              ──┬─  
    │                ╰─── Warning (deprecated_syntax): `derive(Show)` is deprecated. Use `derive(Debug)` or manually implement the `Show` trait instead.
────╯
Warning: [0027]
    ╭─[ F:\moonbit比赛\moon_ua_parser\moon_ua_parser_lib\src\ua_parser\types.mbt:89:14 ]
    │
 89 │ } derive(Eq, Show)
    │              ──┬─  
    │                ╰─── Warning (deprecated_syntax): `derive(Show)` is deprecated. Use `derive(Debug)` or manually implement the `Show` trait instead.
────╯
Warning: [0006]
    ╭─[ F:\moonbit比赛\moon_ua_parser\moon_ua_parser_lib\src\ua_parser\types.mbt:99:3 ]
    │
 99 │   RegexpCompileError(String)
    │   ─────────┬────────  
    │            ╰────────── Warning (unused_constructor): Variant 'RegexpCompileError' is never constructed
────╯
Warning: [0027]
     ╭─[ F:\moonbit比赛\moon_ua_parser\moon_ua_parser_lib\src\ua_parser\types.mbt:100:14 ]
     │
 100 │ } derive(Eq, Show)
     │              ──┬─  
     │                ╰─── Warning (deprecated_syntax): `derive(Show)` is deprecated. Use `derive(Debug)` or manually implement the `Show` trait instead.
─────╯
Warning: no test entry found.
Total tests: 0, passed: 0, failed: 0.
[exit 0] js vicoproplus/moon_ua_parser/src/ua_parser
--- js -p vicoproplus/moon_ua_parser/src/ua_parser/rules ---
Total tests: 4, passed: 4, failed: 0.
[exit 0] js vicoproplus/moon_ua_parser/src/ua_parser/rules
--- js robust/semantics/differential ---
Total tests: 9, passed: 9, failed: 0.
[exit 0] js vicoproplus/moon_ua_parser/tests/robust
Total tests: 15, passed: 15, failed: 0.
[exit 0] js vicoproplus/moon_ua_parser/tests/semantics
Warning: [0020]
    ╭─[ F:\moonbit比赛\moon_ua_parser\moon_ua_parser_lib\tests\differential\diff_device.mbt:26:11 ]
    │
 26 │   model : String?
    │           ───┬───  
    │              ╰───── Warning (deprecated): Use Debug instead of Show for debugging purposes. See https://github.com/moonbitlang/core/blob/main/debug/README.mbt.md
────╯
Warning: [0027]
    ╭─[ F:\moonbit比赛\moon_ua_parser\moon_ua_parser_lib\tests\differential\diff_device.mbt:27:14 ]
    │
 27 │ } derive(Eq, Show)
    │              ──┬─  
    │                ╰─── Warning (deprecated_syntax): `derive(Show)` is deprecated. Use `derive(Debug)` or manually implement the `Show` trait instead.
────╯
Warning: [0020]
    ╭─[ F:\moonbit比赛\moon_ua_parser\moon_ua_parser_lib\tests\differential\diff_os.mbt:28:17 ]
    │
 28 │   patch_minor : String?
    │                 ───┬───  
    │                    ╰───── Warning (deprecated): Use Debug instead of Show for debugging purposes. See https://github.com/moonbitlang/core/blob/main/debug/README.mbt.md
────╯
Warning: [0027]
    ╭─[ F:\moonbit比赛\moon_ua_parser\moon_ua_parser_lib\tests\differential\diff_os.mbt:29:14 ]
    │
 29 │ } derive(Eq, Show)
    │              ──┬─  
    │                ╰─── Warning (deprecated_syntax): `derive(Show)` is deprecated. Use `derive(Debug)` or manually implement the `Show` trait instead.
────╯
Warning: [0020]
    ╭─[ F:\moonbit比赛\moon_ua_parser\moon_ua_parser_lib\tests\differential\diff_ua.mbt:32:17 ]
    │
 32 │   patch_minor : String?
    │                 ───┬───  
    │                    ╰───── Warning (deprecated): Use Debug instead of Show for debugging purposes. See https://github.com/moonbitlang/core/blob/main/debug/README.mbt.md
────╯
Warning: [0027]
    ╭─[ F:\moonbit比赛\moon_ua_parser\moon_ua_parser_lib\tests\differential\diff_ua.mbt:33:14 ]
    │
 33 │ } derive(Eq, Show)
    │              ──┬─  
    │                ╰─── Warning (deprecated_syntax): `derive(Show)` is deprecated. Use `derive(Debug)` or manually implement the `Show` trait instead.
────╯
Total tests: 3, passed: 3, failed: 0.
[exit 0] js vicoproplus/moon_ua_parser/tests/differential

===== 5 generation consistency =====
Reading F:\moonbit比赛\moon_ua_parser\uap-core\regexes.yaml
uap-core snapshot: commit 73e7340, date 2026-08-24
user_agent_parsers  :  433 rules (0 with flag i)
os_parsers          :  204 rules (0 with flag i)
device_parsers      :  633 rules (65 with flag i)
total               : 1270 rules
wrote F:\moonbit比赛\moon_ua_parser\moon_ua_parser_lib\src\ua_parser\rules\rules_data.mbt (257923 bytes)
wrote F:\moonbit比赛\moon_ua_parser\moon_ua_parser_lib\src\ua_parser\rules\rules_version.mbt (465 bytes)
wrote F:\moonbit比赛\moon_ua_parser\moon_ua_parser_lib\src\ua_parser\rules\moon.pkg (378 bytes)
OK
Reading F:\moonbit比赛\moon_ua_parser\uap-core\tests
test_ua.yaml      :   1601 cases (0 exempted)
test_os.yaml      :    483 cases (0 exempted)
test_device.yaml  :  16129 cases (0 exempted)
total             :  18213 cases
wrote F:\moonbit比赛\moon_ua_parser\moon_ua_parser_lib\tests\differential\diff_ua.mbt (342278 bytes)
wrote F:\moonbit比赛\moon_ua_parser\moon_ua_parser_lib\tests\differential\diff_os.mbt (103272 bytes)
wrote F:\moonbit比赛\moon_ua_parser\moon_ua_parser_lib\tests\differential\diff_device.mbt (3542364 bytes)
wrote F:\moonbit比赛\moon_ua_parser\moon_ua_parser_lib\tests\differential\moon.pkg (305 bytes)
OK
warning: in the working copy of 'moon_ua_parser_lib/src/ua_parser/rules/moon.pkg', LF will be replaced by CRLF the next time Git touches it
warning: in the working copy of 'moon_ua_parser_lib/src/ua_parser/rules/rules_data.mbt', LF will be replaced by CRLF the next time Git touches it
warning: in the working copy of 'moon_ua_parser_lib/src/ua_parser/rules/rules_version.mbt', LF will be replaced by CRLF the next time Git touches it
warning: in the working copy of 'moon_ua_parser_lib/tests/differential/diff_device.mbt', LF will be replaced by CRLF the next time Git touches it
warning: in the working copy of 'moon_ua_parser_lib/tests/differential/diff_os.mbt', LF will be replaced by CRLF the next time Git touches it
warning: in the working copy of 'moon_ua_parser_lib/tests/differential/diff_ua.mbt', LF will be replaced by CRLF the next time Git touches it
warning: in the working copy of 'moon_ua_parser_lib/tests/differential/moon.pkg', LF will be replaced by CRLF the next time Git touches it

===== 6 middleware integration tests (final state) =====
moon_ua_parser_crescent.internal_test.c
ua_echo.internal_test.c
ua_echo.blackbox_test.c
moon_ua_parser_crescent.blackbox_test.c
Warning: [0020]
    ╭─[ F:\moonbit比赛\moon_ua_parser\moon_ua_parser_lib\src\ua_parser\types.mbt:19:17 ]
    │
 19 │   patch_minor : String?
    │                 ───┬───  
    │                    ╰───── Warning (deprecated): Use Debug instead of Show for debugging purposes. See https://github.com/moonbitlang/core/blob/main/debug/README.mbt.md
────╯
Warning: [0020]
    ╭─[ F:\moonbit比赛\moon_ua_parser\moon_ua_parser_lib\src\ua_parser\types.mbt:25:16 ]
    │
 25 │   rule_index : Int?
    │                ──┬─  
    │                  ╰─── Warning (deprecated): Use Debug instead of Show for debugging purposes. See https://github.com/moonbitlang/core/blob/main/debug/README.mbt.md
────╯
Warning: [0027]
    ╭─[ F:\moonbit比赛\moon_ua_parser\moon_ua_parser_lib\src\ua_parser\types.mbt:26:14 ]
    │
 26 │ } derive(Eq, Show)
    │              ──┬─  
    │                ╰─── Warning (deprecated_syntax): `derive(Show)` is deprecated. Use `derive(Debug)` or manually implement the `Show` trait instead.
────╯
Warning: [0020]
    ╭─[ F:\moonbit比赛\moon_ua_parser\moon_ua_parser_lib\src\ua_parser\types.mbt:46:17 ]
    │
 46 │   patch_minor : String?
    │                 ───┬───  
    │                    ╰───── Warning (deprecated): Use Debug instead of Show for debugging purposes. See https://github.com/moonbitlang/core/blob/main/debug/README.mbt.md
────╯
Warning: [0020]
    ╭─[ F:\moonbit比赛\moon_ua_parser\moon_ua_parser_lib\src\ua_parser\types.mbt:52:16 ]
    │
 52 │   rule_index : Int?
    │                ──┬─  
    │                  ╰─── Warning (deprecated): Use Debug instead of Show for debugging purposes. See https://github.com/moonbitlang/core/blob/main/debug/README.mbt.md
────╯
Warning: [0027]
    ╭─[ F:\moonbit比赛\moon_ua_parser\moon_ua_parser_lib\src\ua_parser\types.mbt:53:14 ]
    │
 53 │ } derive(Eq, Show)
    │              ──┬─  
    │                ╰─── Warning (deprecated_syntax): `derive(Show)` is deprecated. Use `derive(Debug)` or manually implement the `Show` trait instead.
────╯
Warning: [0020]
    ╭─[ F:\moonbit比赛\moon_ua_parser\moon_ua_parser_lib\src\ua_parser\types.mbt:67:11 ]
    │
 67 │   model : String?
    │           ───┬───  
    │              ╰───── Warning (deprecated): Use Debug instead of Show for debugging purposes. See https://github.com/moonbitlang/core/blob/main/debug/README.mbt.md
────╯
Warning: [0020]
    ╭─[ F:\moonbit比赛\moon_ua_parser\moon_ua_parser_lib\src\ua_parser\types.mbt:73:16 ]
    │
 73 │   rule_index : Int?
    │                ──┬─  
    │                  ╰─── Warning (deprecated): Use Debug instead of Show for debugging purposes. See https://github.com/moonbitlang/core/blob/main/debug/README.mbt.md
────╯
Warning: [0027]
    ╭─[ F:\moonbit比赛\moon_ua_parser\moon_ua_parser_lib\src\ua_parser\types.mbt:74:14 ]
    │
 74 │ } derive(Eq, Show)
    │              ──┬─  
    │                ╰─── Warning (deprecated_syntax): `derive(Show)` is deprecated. Use `derive(Debug)` or manually implement the `Show` trait instead.
────╯
Warning: [0027]
    ╭─[ F:\moonbit比赛\moon_ua_parser\moon_ua_parser_lib\src\ua_parser\types.mbt:89:14 ]
    │
 89 │ } derive(Eq, Show)
    │              ──┬─  
    │                ╰─── Warning (deprecated_syntax): `derive(Show)` is deprecated. Use `derive(Debug)` or manually implement the `Show` trait instead.
────╯
Warning: [0006]
    ╭─[ F:\moonbit比赛\moon_ua_parser\moon_ua_parser_lib\src\ua_parser\types.mbt:99:3 ]
    │
 99 │   RegexpCompileError(String)
    │   ─────────┬────────  
    │            ╰────────── Warning (unused_constructor): Variant 'RegexpCompileError' is never constructed
────╯
Warning: [0027]
     ╭─[ F:\moonbit比赛\moon_ua_parser\moon_ua_parser_lib\src\ua_parser\types.mbt:100:14 ]
     │
 100 │ } derive(Eq, Show)
     │              ──┬─  
     │                ╰─── Warning (deprecated_syntax): `derive(Show)` is deprecated. Use `derive(Debug)` or manually implement the `Show` trait instead.
─────╯
Total tests: 7, passed: 7, failed: 0.
[exit 0] crescent tests
moon_ua_parser_mars.internal_test.c
ua_echo.internal_test.c
ua_echo.blackbox_test.c
moon_ua_parser_mars.blackbox_test.c
--> Get /probe
Total tests: 6, passed: 6, failed: 0.
[exit 0] mars tests
moon_ua_parser_middleware_core.blackbox_test.c
moon_ua_parser_middleware_core.internal_test.c
Total tests: 10, passed: 10, failed: 0.
[exit 0] helper tests

===== 7 smoke: crescent example =====
Warning: [0020]
    ╭─[ F:\moonbit比赛\moon_ua_parser\moon_ua_parser_lib\src\ua_parser\types.mbt:19:17 ]
    │
 19 │   patch_minor : String?
    │                 ───┬───  
    │                    ╰───── Warning (deprecated): Use Debug instead of Show for debugging purposes. See https://github.com/moonbitlang/core/blob/main/debug/README.mbt.md
────╯
Warning: [0020]
    ╭─[ F:\moonbit比赛\moon_ua_parser\moon_ua_parser_lib\src\ua_parser\types.mbt:25:16 ]
    │
 25 │   rule_index : Int?
    │                ──┬─  
    │                  ╰─── Warning (deprecated): Use Debug instead of Show for debugging purposes. See https://github.com/moonbitlang/core/blob/main/debug/README.mbt.md
────╯
Warning: [0027]
    ╭─[ F:\moonbit比赛\moon_ua_parser\moon_ua_parser_lib\src\ua_parser\types.mbt:26:14 ]
    │
 26 │ } derive(Eq, Show)
    │              ──┬─  
    │                ╰─── Warning (deprecated_syntax): `derive(Show)` is deprecated. Use `derive(Debug)` or manually implement the `Show` trait instead.
────╯
Warning: [0020]
    ╭─[ F:\moonbit比赛\moon_ua_parser\moon_ua_parser_lib\src\ua_parser\types.mbt:46:17 ]
    │
 46 │   patch_minor : String?
    │                 ───┬───  
    │                    ╰───── Warning (deprecated): Use Debug instead of Show for debugging purposes. See https://github.com/moonbitlang/core/blob/main/debug/README.mbt.md
────╯
Warning: [0020]
    ╭─[ F:\moonbit比赛\moon_ua_parser\moon_ua_parser_lib\src\ua_parser\types.mbt:52:16 ]
    │
 52 │   rule_index : Int?
    │                ──┬─  
    │                  ╰─── Warning (deprecated): Use Debug instead of Show for debugging purposes. See https://github.com/moonbitlang/core/blob/main/debug/README.mbt.md
────╯
Warning: [0027]
    ╭─[ F:\moonbit比赛\moon_ua_parser\moon_ua_parser_lib\src\ua_parser\types.mbt:53:14 ]
    │
 53 │ } derive(Eq, Show)
    │              ──┬─  
    │                ╰─── Warning (deprecated_syntax): `derive(Show)` is deprecated. Use `derive(Debug)` or manually implement the `Show` trait instead.
────╯
Warning: [0020]
    ╭─[ F:\moonbit比赛\moon_ua_parser\moon_ua_parser_lib\src\ua_parser\types.mbt:67:11 ]
    │
 67 │   model : String?
    │           ───┬───  
    │              ╰───── Warning (deprecated): Use Debug instead of Show for debugging purposes. See https://github.com/moonbitlang/core/blob/main/debug/README.mbt.md
────╯
Warning: [0020]
    ╭─[ F:\moonbit比赛\moon_ua_parser\moon_ua_parser_lib\src\ua_parser\types.mbt:73:16 ]
    │
 73 │   rule_index : Int?
    │                ──┬─  
    │                  ╰─── Warning (deprecated): Use Debug instead of Show for debugging purposes. See https://github.com/moonbitlang/core/blob/main/debug/README.mbt.md
────╯
Warning: [0027]
    ╭─[ F:\moonbit比赛\moon_ua_parser\moon_ua_parser_lib\src\ua_parser\types.mbt:74:14 ]
    │
 74 │ } derive(Eq, Show)
    │              ──┬─  
    │                ╰─── Warning (deprecated_syntax): `derive(Show)` is deprecated. Use `derive(Debug)` or manually implement the `Show` trait instead.
────╯
Warning: [0027]
    ╭─[ F:\moonbit比赛\moon_ua_parser\moon_ua_parser_lib\src\ua_parser\types.mbt:89:14 ]
    │
 89 │ } derive(Eq, Show)
    │              ──┬─  
    │                ╰─── Warning (deprecated_syntax): `derive(Show)` is deprecated. Use `derive(Debug)` or manually implement the `Show` trait instead.
────╯
Warning: [0006]
    ╭─[ F:\moonbit比赛\moon_ua_parser\moon_ua_parser_lib\src\ua_parser\types.mbt:99:3 ]
    │
 99 │   RegexpCompileError(String)
    │   ─────────┬────────  
    │            ╰────────── Warning (unused_constructor): Variant 'RegexpCompileError' is never constructed
────╯
Warning: [0027]
     ╭─[ F:\moonbit比赛\moon_ua_parser\moon_ua_parser_lib\src\ua_parser\types.mbt:100:14 ]
     │
 100 │ } derive(Eq, Show)
     │              ──┬─  
     │                ╰─── Warning (deprecated_syntax): `derive(Show)` is deprecated. Use `derive(Debug)` or manually implement the `Show` trait instead.
─────╯
GET /probe  [desktop Chrome / Windows]
  user-agent : Mozilla/5.0 (Windows NT 10.0; Win64; x64) AppleWebKit/537.36 (KHTML, like Gecko) Chrome/120.0.0.0 Safari/537.36
  status     : 200
  browser    : Chrome
  os         : Windows
  device     : Other
  body       : handler saw browser=Chrome os=Windows device=Other

GET /probe  [iPhone DuckDuckGo / iOS 14.3]
  user-agent : Mozilla/5.0 (iPhone; CPU iPhone OS 14_3 like Mac OS X) AppleWebKit/605.1.15 (KHTML, like Gecko) Version/14.3 Mobile/15E148 DuckDuckGo/7 Safari/605.1.15
  status     : 200
  browser    : DuckDuckGo Mobile
  os         : iOS
  device     : iPhone
  body       : handler saw browser=DuckDuckGo Mobile os=iOS device=iPhone

GET /probe  [Android 11 Chrome WebView]
  user-agent : Mozilla/5.0 (Linux; Android 11) AppleWebKit/537.36 (KHTML, like Gecko) Version/4.0 Chrome/87.0.4280.141 Mobile DuckDuckGo/5 Safari/537.36
  status     : 200
  browser    : DuckDuckGo Mobile
  os         : Android
  device     : Generic Smartphone
  body       : handler saw browser=DuckDuckGo Mobile os=Android device=Generic Smartphone

[moon_ua_parser] degraded user-agent parse: reason=empty_fallback ua_summary="SomethingWeNeverKnewExisted"
GET /probe  [malformed (synthetic)]
  user-agent : SomethingWeNeverKnewExisted
  status     : 200
  browser    : 
  os         : 
  device     : 
  body       : handler saw browser= os= device=

done: 4 requests dispatched (3 healthy, 1 degraded synthetic)
[exit 0] crescent smoke

===== 8 smoke: mars example =====
--> Get /probe
GET /probe  [desktop Chrome / Windows]
  user-agent : Mozilla/5.0 (Windows NT 10.0; Win64; x64) AppleWebKit/537.36 (KHTML, like Gecko) Chrome/120.0.0.0 Safari/537.36
  status     : 200
  body       : handler saw browser=Chrome os=Windows device=Other

--> Get /probe
GET /probe  [iPhone DuckDuckGo / iOS 14.3]
  user-agent : Mozilla/5.0 (iPhone; CPU iPhone OS 14_3 like Mac OS X) AppleWebKit/605.1.15 (KHTML, like Gecko) Version/14.3 Mobile/15E148 DuckDuckGo/7 Safari/605.1.15
  status     : 200
  body       : handler saw browser=DuckDuckGo Mobile os=iOS device=iPhone

--> Get /probe
GET /probe  [Android 11 Chrome WebView]
  user-agent : Mozilla/5.0 (Linux; Android 11) AppleWebKit/537.36 (KHTML, like Gecko) Version/4.0 Chrome/87.0.4280.141 Mobile DuckDuckGo/5 Safari/537.36
  status     : 200
  body       : handler saw browser=DuckDuckGo Mobile os=Android device=Generic Smartphone

--> Get /probe
[moon_ua_parser] degraded user-agent parse: reason=empty_fallback ua_summary="SomethingWeNeverKnewExisted"
GET /probe  [malformed (synthetic)]
  user-agent : SomethingWeNeverKnewExisted
  status     : 200
  body       : handler saw browser= os= device=

done: 4 requests dispatched (3 healthy, 1 degraded synthetic)
[exit 0] mars smoke

===== 9 bench smoke (perf-bench gate) =====
Warning: [0020]
    ╭─[ F:\moonbit比赛\moon_ua_parser\moon_ua_parser_lib\src\ua_parser\types.mbt:19:17 ]
    │
 19 │   patch_minor : String?
    │                 ───┬───  
    │                    ╰───── Warning (deprecated): Use Debug instead of Show for debugging purposes. See https://github.com/moonbitlang/core/blob/main/debug/README.mbt.md
────╯
Warning: [0020]
    ╭─[ F:\moonbit比赛\moon_ua_parser\moon_ua_parser_lib\src\ua_parser\types.mbt:25:16 ]
    │
 25 │   rule_index : Int?
    │                ──┬─  
    │                  ╰─── Warning (deprecated): Use Debug instead of Show for debugging purposes. See https://github.com/moonbitlang/core/blob/main/debug/README.mbt.md
────╯
Warning: [0027]
    ╭─[ F:\moonbit比赛\moon_ua_parser\moon_ua_parser_lib\src\ua_parser\types.mbt:26:14 ]
    │
 26 │ } derive(Eq, Show)
    │              ──┬─  
    │                ╰─── Warning (deprecated_syntax): `derive(Show)` is deprecated. Use `derive(Debug)` or manually implement the `Show` trait instead.
────╯
Warning: [0020]
    ╭─[ F:\moonbit比赛\moon_ua_parser\moon_ua_parser_lib\src\ua_parser\types.mbt:46:17 ]
    │
 46 │   patch_minor : String?
    │                 ───┬───  
    │                    ╰───── Warning (deprecated): Use Debug instead of Show for debugging purposes. See https://github.com/moonbitlang/core/blob/main/debug/README.mbt.md
────╯
Warning: [0020]
    ╭─[ F:\moonbit比赛\moon_ua_parser\moon_ua_parser_lib\src\ua_parser\types.mbt:52:16 ]
    │
 52 │   rule_index : Int?
    │                ──┬─  
    │                  ╰─── Warning (deprecated): Use Debug instead of Show for debugging purposes. See https://github.com/moonbitlang/core/blob/main/debug/README.mbt.md
────╯
Warning: [0027]
    ╭─[ F:\moonbit比赛\moon_ua_parser\moon_ua_parser_lib\src\ua_parser\types.mbt:53:14 ]
    │
 53 │ } derive(Eq, Show)
    │              ──┬─  
    │                ╰─── Warning (deprecated_syntax): `derive(Show)` is deprecated. Use `derive(Debug)` or manually implement the `Show` trait instead.
────╯
Warning: [0020]
    ╭─[ F:\moonbit比赛\moon_ua_parser\moon_ua_parser_lib\src\ua_parser\types.mbt:67:11 ]
    │
 67 │   model : String?
    │           ───┬───  
    │              ╰───── Warning (deprecated): Use Debug instead of Show for debugging purposes. See https://github.com/moonbitlang/core/blob/main/debug/README.mbt.md
────╯
Warning: [0020]
    ╭─[ F:\moonbit比赛\moon_ua_parser\moon_ua_parser_lib\src\ua_parser\types.mbt:73:16 ]
    │
 73 │   rule_index : Int?
    │                ──┬─  
    │                  ╰─── Warning (deprecated): Use Debug instead of Show for debugging purposes. See https://github.com/moonbitlang/core/blob/main/debug/README.mbt.md
────╯
Warning: [0027]
    ╭─[ F:\moonbit比赛\moon_ua_parser\moon_ua_parser_lib\src\ua_parser\types.mbt:74:14 ]
    │
 74 │ } derive(Eq, Show)
    │              ──┬─  
    │                ╰─── Warning (deprecated_syntax): `derive(Show)` is deprecated. Use `derive(Debug)` or manually implement the `Show` trait instead.
────╯
Warning: [0027]
    ╭─[ F:\moonbit比赛\moon_ua_parser\moon_ua_parser_lib\src\ua_parser\types.mbt:89:14 ]
    │
 89 │ } derive(Eq, Show)
    │              ──┬─  
    │                ╰─── Warning (deprecated_syntax): `derive(Show)` is deprecated. Use `derive(Debug)` or manually implement the `Show` trait instead.
────╯
Warning: [0006]
    ╭─[ F:\moonbit比赛\moon_ua_parser\moon_ua_parser_lib\src\ua_parser\types.mbt:99:3 ]
    │
 99 │   RegexpCompileError(String)
    │   ─────────┬────────  
    │            ╰────────── Warning (unused_constructor): Variant 'RegexpCompileError' is never constructed
────╯
Warning: [0027]
     ╭─[ F:\moonbit比赛\moon_ua_parser\moon_ua_parser_lib\src\ua_parser\types.mbt:100:14 ]
     │
 100 │ } derive(Eq, Show)
     │              ──┬─  
     │                ╰─── Warning (deprecated_syntax): `derive(Show)` is deprecated. Use `derive(Debug)` or manually implement the `Show` trait instead.
─────╯
bench-config mode=smoke backend=native corpus_size=10000 sample_count=200 stride=50 warmup_rounds=2 timed_rounds=7 strata=7 smoke_threshold_ns_per_parse=150000000.00 (calibrated, T-06)
bench-round round=0 ops_per_sec=23.59 ns_per_parse=42382271.50
bench-round round=1 ops_per_sec=22.52 ns_per_parse=44403246.50
bench-round round=2 ops_per_sec=22.90 ns_per_parse=43656680.50
bench-round round=3 ops_per_sec=23.59 ns_per_parse=42375150.50
bench-round round=4 ops_per_sec=23.34 ns_per_parse=42832649.50
bench-round round=5 ops_per_sec=20.74 ns_per_parse=48197960.50
bench-round round=6 ops_per_sec=24.21 ns_per_parse=41300505.50
bench-result backend=native ops_per_sec=23.34 ns_per_parse=42832649.50 sample_set_hash=sha256:3640d3b74cd4efd6e5e1723d8e23493e3399b8b616d977cd5e18fb66302c4244 samples_checksum=6122 rounds_consistent=true
smoke-verdict result=pass ns_per_parse=42832649.50 limit=150000000.00 (calibrated threshold, T-06)
[exit 0] bench smoke

===== 10 mbti zero-diff =====
Warning: [0020]
    ╭─[ F:\moonbit比赛\moon_ua_parser\moon_ua_parser_lib\src\ua_parser\types.mbt:19:17 ]
    │
 19 │   patch_minor : String?
    │                 ───┬───  
    │                    ╰───── Warning (deprecated): Use Debug instead of Show for debugging purposes. See https://github.com/moonbitlang/core/blob/main/debug/README.mbt.md
────╯
Warning: [0020]
    ╭─[ F:\moonbit比赛\moon_ua_parser\moon_ua_parser_lib\src\ua_parser\types.mbt:25:16 ]
    │
 25 │   rule_index : Int?
    │                ──┬─  
    │                  ╰─── Warning (deprecated): Use Debug instead of Show for debugging purposes. See https://github.com/moonbitlang/core/blob/main/debug/README.mbt.md
────╯
Warning: [0027]
    ╭─[ F:\moonbit比赛\moon_ua_parser\moon_ua_parser_lib\src\ua_parser\types.mbt:26:14 ]
    │
 26 │ } derive(Eq, Show)
    │              ──┬─  
    │                ╰─── Warning (deprecated_syntax): `derive(Show)` is deprecated. Use `derive(Debug)` or manually implement the `Show` trait instead.
────╯
Warning: [0020]
    ╭─[ F:\moonbit比赛\moon_ua_parser\moon_ua_parser_lib\src\ua_parser\types.mbt:46:17 ]
    │
 46 │   patch_minor : String?
    │                 ───┬───  
    │                    ╰───── Warning (deprecated): Use Debug instead of Show for debugging purposes. See https://github.com/moonbitlang/core/blob/main/debug/README.mbt.md
────╯
Warning: [0020]
    ╭─[ F:\moonbit比赛\moon_ua_parser\moon_ua_parser_lib\src\ua_parser\types.mbt:52:16 ]
    │
 52 │   rule_index : Int?
    │                ──┬─  
    │                  ╰─── Warning (deprecated): Use Debug instead of Show for debugging purposes. See https://github.com/moonbitlang/core/blob/main/debug/README.mbt.md
────╯
Warning: [0027]
    ╭─[ F:\moonbit比赛\moon_ua_parser\moon_ua_parser_lib\src\ua_parser\types.mbt:53:14 ]
    │
 53 │ } derive(Eq, Show)
    │              ──┬─  
    │                ╰─── Warning (deprecated_syntax): `derive(Show)` is deprecated. Use `derive(Debug)` or manually implement the `Show` trait instead.
────╯
Warning: [0020]
    ╭─[ F:\moonbit比赛\moon_ua_parser\moon_ua_parser_lib\src\ua_parser\types.mbt:67:11 ]
    │
 67 │   model : String?
    │           ───┬───  
    │              ╰───── Warning (deprecated): Use Debug instead of Show for debugging purposes. See https://github.com/moonbitlang/core/blob/main/debug/README.mbt.md
────╯
Warning: [0020]
    ╭─[ F:\moonbit比赛\moon_ua_parser\moon_ua_parser_lib\src\ua_parser\types.mbt:73:16 ]
    │
 73 │   rule_index : Int?
    │                ──┬─  
    │                  ╰─── Warning (deprecated): Use Debug instead of Show for debugging purposes. See https://github.com/moonbitlang/core/blob/main/debug/README.mbt.md
────╯
Warning: [0027]
    ╭─[ F:\moonbit比赛\moon_ua_parser\moon_ua_parser_lib\src\ua_parser\types.mbt:74:14 ]
    │
 74 │ } derive(Eq, Show)
    │              ──┬─  
    │                ╰─── Warning (deprecated_syntax): `derive(Show)` is deprecated. Use `derive(Debug)` or manually implement the `Show` trait instead.
────╯
Warning: [0027]
    ╭─[ F:\moonbit比赛\moon_ua_parser\moon_ua_parser_lib\src\ua_parser\types.mbt:89:14 ]
    │
 89 │ } derive(Eq, Show)
    │              ──┬─  
    │                ╰─── Warning (deprecated_syntax): `derive(Show)` is deprecated. Use `derive(Debug)` or manually implement the `Show` trait instead.
────╯
Warning: [0006]
    ╭─[ F:\moonbit比赛\moon_ua_parser\moon_ua_parser_lib\src\ua_parser\types.mbt:99:3 ]
    │
 99 │   RegexpCompileError(String)
    │   ─────────┬────────  
    │            ╰────────── Warning (unused_constructor): Variant 'RegexpCompileError' is never constructed
────╯
Warning: [0027]
     ╭─[ F:\moonbit比赛\moon_ua_parser\moon_ua_parser_lib\src\ua_parser\types.mbt:100:14 ]
     │
 100 │ } derive(Eq, Show)
     │              ──┬─  
     │                ╰─── Warning (deprecated_syntax): `derive(Show)` is deprecated. Use `derive(Debug)` or manually implement the `Show` trait instead.
─────╯
Warning: [0020]
    ╭─[ F:\moonbit比赛\moon_ua_parser\moon_ua_parser_lib\tests\differential\diff_device.mbt:26:11 ]
    │
 26 │   model : String?
    │           ───┬───  
    │              ╰───── Warning (deprecated): Use Debug instead of Show for debugging purposes. See https://github.com/moonbitlang/core/blob/main/debug/README.mbt.md
────╯
Warning: [0027]
    ╭─[ F:\moonbit比赛\moon_ua_parser\moon_ua_parser_lib\tests\differential\diff_device.mbt:27:14 ]
    │
 27 │ } derive(Eq, Show)
    │              ──┬─  
    │                ╰─── Warning (deprecated_syntax): `derive(Show)` is deprecated. Use `derive(Debug)` or manually implement the `Show` trait instead.
────╯
Warning: [0020]
    ╭─[ F:\moonbit比赛\moon_ua_parser\moon_ua_parser_lib\tests\differential\diff_os.mbt:28:17 ]
    │
 28 │   patch_minor : String?
    │                 ───┬───  
    │                    ╰───── Warning (deprecated): Use Debug instead of Show for debugging purposes. See https://github.com/moonbitlang/core/blob/main/debug/README.mbt.md
────╯
Warning: [0027]
    ╭─[ F:\moonbit比赛\moon_ua_parser\moon_ua_parser_lib\tests\differential\diff_os.mbt:29:14 ]
    │
 29 │ } derive(Eq, Show)
    │              ──┬─  
    │                ╰─── Warning (deprecated_syntax): `derive(Show)` is deprecated. Use `derive(Debug)` or manually implement the `Show` trait instead.
────╯
Warning: [0020]
    ╭─[ F:\moonbit比赛\moon_ua_parser\moon_ua_parser_lib\tests\differential\diff_ua.mbt:32:17 ]
    │
 32 │   patch_minor : String?
    │                 ───┬───  
    │                    ╰───── Warning (deprecated): Use Debug instead of Show for debugging purposes. See https://github.com/moonbitlang/core/blob/main/debug/README.mbt.md
────╯
Warning: [0027]
    ╭─[ F:\moonbit比赛\moon_ua_parser\moon_ua_parser_lib\tests\differential\diff_ua.mbt:33:14 ]
    │
 33 │ } derive(Eq, Show)
    │              ──┬─  
    │                ╰─── Warning (deprecated_syntax): `derive(Show)` is deprecated. Use `derive(Debug)` or manually implement the `Show` trait instead.
────╯
Finished. moon: ran 20 tasks, now up to date (18 warnings, 0 errors)
warning: in the working copy of 'moon_ua_parser_lib/src/ua_parser/pkg.generated.mbti', LF will be replaced by CRLF the next time Git touches it
warning: in the working copy of 'moon_ua_parser_mars/pkg.generated.mbti', LF will be replaced by CRLF the next time Git touches it
warning: in the working copy of 'moon_ua_parser_middleware_core/pkg.generated.mbti', LF will be replaced by CRLF the next time Git touches it
[exit 0] mbti diff

===== GATE COMPLETE =====
