# T-04 / A6 evidence — moon_ua_parser_crescent example app (mw1)
# Date: 2026-09-13
# Worktree: F:\moonbit比赛\moon_ua_parser_wt_framework
# Branch: feat/v02-framework-middleware
# Toolchain: moon 0.1.20260904, --target native
#
# Command (one command, from the workspace root):
#
#     $ moon run moon_ua_parser_crescent/examples/ua_echo --target native
#
# Exit code: 0
#
# What this shows (R6): the middleware is registered on a real crescent
# App together with the framework's own request_id middleware; four
# requests are dispatched through the public App::dispatch pipeline.
# - Requests 1-3 (real UAs): response carries the three mounted groups
#   browser / os / device (families matching uap-core goldens) and the
#   handler-side typed read-back sees the same values.
# - Request 4 (malformed, SYNTHETIC UA "SomethingWeNeverKnewExisted",
#   not from any uap-core golden file): the default console forensics (FO)
#   channel emits the {ua_summary, reason} record (line prefixed
#   [moon_ua_parser]) BEFORE the request block, the response status stays
#   200 (non-5xx), and the mounted families are empty (empty UaInfo) —
#   degradation per spec §3, semantics entirely from
#   vicoproplus/moon_ua_parser_middleware_core.
#
# Full captured output (stdout+stderr merged as produced):

GET /probe  [desktop Chrome / Windows]
  user-agent : Mozilla/5.0 (Windows NT 10.0; Win64; x64) AppleWebKit/537.36 (KHTML, like Gecko) Chrome/120.0.0.0 Safari/537.36
  status     : 200
  browser    : Chrome
  os         : Windows
  device     : Other
  body       : handler saw browser=Chrome os=Windows device=Other

GET /probe  [iPhone DuckDuckGo / iOS 14.3]
  user-agent : Mozilla/5.0 (iPhone; CPU iPhone OS 14_3 like Mac OS X) AppleWebKit/605.1.15 (KHTML, like Gecko) Version/14.3 Mobile/15E148 DuckDuckGo/7 Safari/605.1.15
  status     : 200
  browser    : DuckDuckGo Mobile
  os         : iOS
  device     : iPhone
  body       : handler saw browser=DuckDuckGo Mobile os=iOS device=iPhone

GET /probe  [Android 11 Chrome WebView]
  user-agent : Mozilla/5.0 (Linux; Android 11) AppleWebKit/537.36 (KHTML, like Gecko) Version/4.0 Chrome/87.0.4280.141 Mobile DuckDuckGo/5 Safari/537.36
  status     : 200
  browser    : DuckDuckGo Mobile
  os         : Android
  device     : Generic Smartphone
  body       : handler saw browser=DuckDuckGo Mobile os=Android device=Generic Smartphone

[moon_ua_parser] degraded user-agent parse: reason=empty_fallback ua_summary="SomethingWeNeverKnewExisted"
GET /probe  [malformed (synthetic)]
  user-agent : SomethingWeNeverKnewExisted
  status     : 200
  browser    : 
  os         : 
  device     : 
  body       : handler saw browser= os= device=

done: 4 requests dispatched (3 healthy, 1 degraded synthetic)
