=== GATE-2a moon info ===
Warning: [0020]
    ╭─[ F:\moonbit比赛\moon_ua_parser\moon_ua_parser_lib\src\ua_parser\types.mbt:19:17 ]
    │
 19 │   patch_minor : String?
    │                 ───┬───  
    │                    ╰───── Warning (deprecated): Use Debug instead of Show for debugging purposes. See https://github.com/moonbitlang/core/blob/main/debug/README.mbt.md
────╯
Warning: [0020]
    ╭─[ F:\moonbit比赛\moon_ua_parser\moon_ua_parser_lib\src\ua_parser\types.mbt:25:16 ]
    │
 25 │   rule_index : Int?
    │                ──┬─  
    │                  ╰─── Warning (deprecated): Use Debug instead of Show for debugging purposes. See https://github.com/moonbitlang/core/blob/main/debug/README.mbt.md
────╯
Warning: [0027]
    ╭─[ F:\moonbit比赛\moon_ua_parser\moon_ua_parser_lib\src\ua_parser\types.mbt:26:14 ]
    │
 26 │ } derive(Eq, Show)
    │              ──┬─  
    │                ╰─── Warning (deprecated_syntax): `derive(Show)` is deprecated. Use `derive(Debug)` or manually implement the `Show` trait instead.
────╯
Warning: [0020]
    ╭─[ F:\moonbit比赛\moon_ua_parser\moon_ua_parser_lib\src\ua_parser\types.mbt:46:17 ]
    │
 46 │   patch_minor : String?
    │                 ───┬───  
    │                    ╰───── Warning (deprecated): Use Debug instead of Show for debugging purposes. See https://github.com/moonbitlang/core/blob/main/debug/README.mbt.md
────╯
Warning: [0020]
    ╭─[ F:\moonbit比赛\moon_ua_parser\moon_ua_parser_lib\src\ua_parser\types.mbt:52:16 ]
    │
 52 │   rule_index : Int?
    │                ──┬─  
    │                  ╰─── Warning (deprecated): Use Debug instead of Show for debugging purposes. See https://github.com/moonbitlang/core/blob/main/debug/README.mbt.md
────╯
Warning: [0027]
    ╭─[ F:\moonbit比赛\moon_ua_parser\moon_ua_parser_lib\src\ua_parser\types.mbt:53:14 ]
    │
 53 │ } derive(Eq, Show)
    │              ──┬─  
    │                ╰─── Warning (deprecated_syntax): `derive(Show)` is deprecated. Use `derive(Debug)` or manually implement the `Show` trait instead.
────╯
Warning: [0020]
    ╭─[ F:\moonbit比赛\moon_ua_parser\moon_ua_parser_lib\src\ua_parser\types.mbt:67:11 ]
    │
 67 │   model : String?
    │           ───┬───  
    │              ╰───── Warning (deprecated): Use Debug instead of Show for debugging purposes. See https://github.com/moonbitlang/core/blob/main/debug/README.mbt.md
────╯
Warning: [0020]
    ╭─[ F:\moonbit比赛\moon_ua_parser\moon_ua_parser_lib\src\ua_parser\types.mbt:73:16 ]
    │
 73 │   rule_index : Int?
    │                ──┬─  
    │                  ╰─── Warning (deprecated): Use Debug instead of Show for debugging purposes. See https://github.com/moonbitlang/core/blob/main/debug/README.mbt.md
────╯
Warning: [0027]
    ╭─[ F:\moonbit比赛\moon_ua_parser\moon_ua_parser_lib\src\ua_parser\types.mbt:74:14 ]
    │
 74 │ } derive(Eq, Show)
    │              ──┬─  
    │                ╰─── Warning (deprecated_syntax): `derive(Show)` is deprecated. Use `derive(Debug)` or manually implement the `Show` trait instead.
────╯
Warning: [0027]
    ╭─[ F:\moonbit比赛\moon_ua_parser\moon_ua_parser_lib\src\ua_parser\types.mbt:89:14 ]
    │
 89 │ } derive(Eq, Show)
    │              ──┬─  
    │                ╰─── Warning (deprecated_syntax): `derive(Show)` is deprecated. Use `derive(Debug)` or manually implement the `Show` trait instead.
────╯
Warning: [0006]
    ╭─[ F:\moonbit比赛\moon_ua_parser\moon_ua_parser_lib\src\ua_parser\types.mbt:99:3 ]
    │
 99 │   RegexpCompileError(String)
    │   ─────────┬────────  
    │            ╰────────── Warning (unused_constructor): Variant 'RegexpCompileError' is never constructed
────╯
Warning: [0027]
     ╭─[ F:\moonbit比赛\moon_ua_parser\moon_ua_parser_lib\src\ua_parser\types.mbt:100:14 ]
     │
 100 │ } derive(Eq, Show)
     │              ──┬─  
     │                ╰─── Warning (deprecated_syntax): `derive(Show)` is deprecated. Use `derive(Debug)` or manually implement the `Show` trait instead.
─────╯
Warning: [0020]
    ╭─[ F:\moonbit比赛\moon_ua_parser\moon_ua_parser_lib\tests\differential\diff_device.mbt:26:11 ]
    │
 26 │   model : String?
    │           ───┬───  
    │              ╰───── Warning (deprecated): Use Debug instead of Show for debugging purposes. See https://github.com/moonbitlang/core/blob/main/debug/README.mbt.md
────╯
Warning: [0027]
    ╭─[ F:\moonbit比赛\moon_ua_parser\moon_ua_parser_lib\tests\differential\diff_device.mbt:27:14 ]
    │
 27 │ } derive(Eq, Show)
    │              ──┬─  
    │                ╰─── Warning (deprecated_syntax): `derive(Show)` is deprecated. Use `derive(Debug)` or manually implement the `Show` trait instead.
────╯
Warning: [0020]
    ╭─[ F:\moonbit比赛\moon_ua_parser\moon_ua_parser_lib\tests\differential\diff_os.mbt:28:17 ]
    │
 28 │   patch_minor : String?
    │                 ───┬───  
    │                    ╰───── Warning (deprecated): Use Debug instead of Show for debugging purposes. See https://github.com/moonbitlang/core/blob/main/debug/README.mbt.md
────╯
Warning: [0027]
    ╭─[ F:\moonbit比赛\moon_ua_parser\moon_ua_parser_lib\tests\differential\diff_os.mbt:29:14 ]
    │
 29 │ } derive(Eq, Show)
    │              ──┬─  
    │                ╰─── Warning (deprecated_syntax): `derive(Show)` is deprecated. Use `derive(Debug)` or manually implement the `Show` trait instead.
────╯
Warning: [0020]
    ╭─[ F:\moonbit比赛\moon_ua_parser\moon_ua_parser_lib\tests\differential\diff_ua.mbt:32:17 ]
    │
 32 │   patch_minor : String?
    │                 ───┬───  
    │                    ╰───── Warning (deprecated): Use Debug instead of Show for debugging purposes. See https://github.com/moonbitlang/core/blob/main/debug/README.mbt.md
────╯
Warning: [0027]
    ╭─[ F:\moonbit比赛\moon_ua_parser\moon_ua_parser_lib\tests\differential\diff_ua.mbt:33:14 ]
    │
 33 │ } derive(Eq, Show)
    │              ──┬─  
    │                ╰─── Warning (deprecated_syntax): `derive(Show)` is deprecated. Use `derive(Debug)` or manually implement the `Show` trait instead.
────╯
Finished. moon: ran 3 tasks, now up to date (18 warnings, 0 errors)
EXIT_INFO=0
warning: in the working copy of 'moon_ua_parser_lib/src/ua_parser/pkg.generated.mbti', LF will be replaced by CRLF the next time Git touches it
EXIT_MBTI_DIFF=0
=== GATE-2b gen ===
Reading F:\moonbit比赛\moon_ua_parser\uap-core\regexes.yaml
uap-core snapshot: commit 73e7340, date 2026-08-24
user_agent_parsers  :  433 rules (0 with flag i)
os_parsers          :  204 rules (0 with flag i)
device_parsers      :  633 rules (65 with flag i)
total               : 1270 rules
wrote F:\moonbit比赛\moon_ua_parser\moon_ua_parser_lib\src\ua_parser\rules\rules_data.mbt (257923 bytes)
wrote F:\moonbit比赛\moon_ua_parser\moon_ua_parser_lib\src\ua_parser\rules\rules_version.mbt (465 bytes)
wrote F:\moonbit比赛\moon_ua_parser\moon_ua_parser_lib\src\ua_parser\rules\moon.pkg (378 bytes)
OK
Reading F:\moonbit比赛\moon_ua_parser\uap-core\tests
test_ua.yaml      :   1601 cases (0 exempted)
test_os.yaml      :    483 cases (0 exempted)
test_device.yaml  :  16129 cases (0 exempted)
total             :  18213 cases
wrote F:\moonbit比赛\moon_ua_parser\moon_ua_parser_lib\tests\differential\diff_ua.mbt (342278 bytes)
wrote F:\moonbit比赛\moon_ua_parser\moon_ua_parser_lib\tests\differential\diff_os.mbt (103272 bytes)
wrote F:\moonbit比赛\moon_ua_parser\moon_ua_parser_lib\tests\differential\diff_device.mbt (3542364 bytes)
wrote F:\moonbit比赛\moon_ua_parser\moon_ua_parser_lib\tests\differential\moon.pkg (305 bytes)
OK
EXIT_GEN=0
warning: in the working copy of 'moon_ua_parser_lib/src/ua_parser/rules/moon.pkg', LF will be replaced by CRLF the next time Git touches it
warning: in the working copy of 'moon_ua_parser_lib/src/ua_parser/rules/rules_data.mbt', LF will be replaced by CRLF the next time Git touches it
warning: in the working copy of 'moon_ua_parser_lib/src/ua_parser/rules/rules_version.mbt', LF will be replaced by CRLF the next time Git touches it
warning: in the working copy of 'moon_ua_parser_lib/tests/differential/diff_device.mbt', LF will be replaced by CRLF the next time Git touches it
warning: in the working copy of 'moon_ua_parser_lib/tests/differential/diff_os.mbt', LF will be replaced by CRLF the next time Git touches it
warning: in the working copy of 'moon_ua_parser_lib/tests/differential/diff_ua.mbt', LF will be replaced by CRLF the next time Git touches it
warning: in the working copy of 'moon_ua_parser_lib/tests/differential/moon.pkg', LF will be replaced by CRLF the next time Git touches it
EXIT_GEN_DIFF=0
